Archive member included to satisfy reference by file (symbol)

esp-idf/bootloader_support/libbootloader_support.a(bootloader_panic.c.obj)
                              (abort)
esp-idf/main/libmain.a(bootloader_start.c.obj)
                              (call_start_cpu0)
esp-idf/bootloader_support/libbootloader_support.a(bootloader_common.c.obj)
                              esp-idf/main/libmain.a(bootloader_start.c.obj) (bootloader_common_get_reset_reason)
esp-idf/bootloader_support/libbootloader_support.a(bootloader_flash.c.obj)
                              esp-idf/bootloader_support/libbootloader_support.a(bootloader_common.c.obj) (bootloader_mmap)
esp-idf/bootloader_support/libbootloader_support.a(bootloader_utility.c.obj)
                              esp-idf/main/libmain.a(bootloader_start.c.obj) (bootloader_utility_load_partition_table)
esp-idf/bootloader_support/libbootloader_support.a(esp_image_format.c.obj)
                              esp-idf/bootloader_support/libbootloader_support.a(bootloader_utility.c.obj) (bootloader_load_image)
esp-idf/bootloader_support/libbootloader_support.a(flash_partitions.c.obj)
                              esp-idf/bootloader_support/libbootloader_support.a(bootloader_common.c.obj) (esp_partition_table_verify)
esp-idf/bootloader_support/libbootloader_support.a(bootloader_console_loader.c.obj)
                              esp-idf/bootloader_support/libbootloader_support.a(bootloader_utility.c.obj) (bootloader_console_deinit)
esp-idf/bootloader_support/libbootloader_support.a(bootloader_sha.c.obj)
                              esp-idf/bootloader_support/libbootloader_support.a(bootloader_utility.c.obj) (bootloader_sha256_start)
esp-idf/bootloader_support/libbootloader_support.a(bootloader_esp32s2.c.obj)
                              esp-idf/main/libmain.a(bootloader_start.c.obj) (bootloader_init)
esp-idf/bootloader_support/libbootloader_support.a(bootloader_common_loader.c.obj)
                              esp-idf/bootloader_support/libbootloader_support.a(bootloader_utility.c.obj) (bootloader_common_ota_select_crc)
esp-idf/bootloader_support/libbootloader_support.a(bootloader_clock_init.c.obj)
                              esp-idf/bootloader_support/libbootloader_support.a(bootloader_esp32s2.c.obj) (bootloader_clock_configure)
esp-idf/bootloader_support/libbootloader_support.a(bootloader_mem.c.obj)
                              esp-idf/bootloader_support/libbootloader_support.a(bootloader_esp32s2.c.obj) (bootloader_init_mem)
esp-idf/bootloader_support/libbootloader_support.a(bootloader_random.c.obj)
                              esp-idf/bootloader_support/libbootloader_support.a(esp_image_format.c.obj) (bootloader_fill_random)
esp-idf/bootloader_support/libbootloader_support.a(bootloader_flash_config_esp32s2.c.obj)
                              esp-idf/bootloader_support/libbootloader_support.a(bootloader_esp32s2.c.obj) (bootloader_flash_update_id)
esp-idf/bootloader_support/libbootloader_support.a(bootloader_efuse_esp32s2.c.obj)
                              esp-idf/bootloader_support/libbootloader_support.a(bootloader_common_loader.c.obj) (bootloader_common_get_chip_revision)
esp-idf/bootloader_support/libbootloader_support.a(bootloader_init.c.obj)
                              esp-idf/bootloader_support/libbootloader_support.a(bootloader_esp32s2.c.obj) (bootloader_clear_bss_section)
esp-idf/bootloader_support/libbootloader_support.a(bootloader_console.c.obj)
                              esp-idf/bootloader_support/libbootloader_support.a(bootloader_esp32s2.c.obj) (bootloader_console_init)
esp-idf/bootloader_support/libbootloader_support.a(flash_qio_mode.c.obj)
                              esp-idf/bootloader_support/libbootloader_support.a(bootloader_flash_config_esp32s2.c.obj) (bootloader_read_flash_id)
esp-idf/hal/libhal.a(wdt_hal_iram.c.obj)
                              esp-idf/bootloader_support/libbootloader_support.a(bootloader_init.c.obj) (wdt_hal_init)
esp-idf/hal/libhal.a(mpu_hal.c.obj)
                              esp-idf/bootloader_support/libbootloader_support.a(bootloader_mem.c.obj) (mpu_hal_set_region_access)
esp-idf/soc/libsoc.a(cpu_util.c.obj)
                              esp-idf/bootloader_support/libbootloader_support.a(bootloader_panic.c.obj) (esp_cpu_in_ocd_debug_mode)
esp-idf/soc/libsoc.a(rtc_clk.c.obj)
                              esp-idf/bootloader_support/libbootloader_support.a(bootloader_clock_init.c.obj) (rtc_clk_slow_freq_get)
esp-idf/soc/libsoc.a(regi2c_ctrl.c.obj)
                              esp-idf/soc/libsoc.a(rtc_clk.c.obj) (i2c_rtc_read_reg_mask)
esp-idf/soc/libsoc.a(rtc_clk_init.c.obj)
                              esp-idf/bootloader_support/libbootloader_support.a(bootloader_clock_init.c.obj) (rtc_clk_init)
esp-idf/soc/libsoc.a(rtc_init.c.obj)
                              esp-idf/bootloader_support/libbootloader_support.a(bootloader_common.c.obj) (rtc_vddsdio_get_config)
esp-idf/soc/libsoc.a(rtc_sleep.c.obj)
[...]
Memory Configuration

Name             Origin             Length             Attributes
iram_seg         0x000000004004c000 0x0000000000004000 xrw
iram_loader_seg  0x0000000040050000 0x0000000000006000 xrw
dram_seg         0x000000003ffe6000 0x0000000000004b00 rw
*default*        0x0000000000000000 0xffffffffffffffff

Linker script and memory map

LOAD /home/sg/.espressif/tools/xtensa-esp32s2-elf/esp-2020r3-8.4.0/xtensa-esp32s2-elf/bin/../lib/gcc/xtensa-esp32s2-elf/8.4.0/../../../../xtensa-esp32s2-elf/lib/no-rtti/crt0.o
LOAD /home/sg/.espressif/tools/xtensa-esp32s2-elf/esp-2020r3-8.4.0/xtensa-esp32s2-elf/bin/../lib/gcc/xtensa-esp32s2-elf/8.4.0/no-rtti/crti.o
LOAD /home/sg/.espressif/tools/xtensa-esp32s2-elf/esp-2020r3-8.4.0/xtensa-esp32s2-elf/bin/../lib/gcc/xtensa-esp32s2-elf/8.4.0/no-rtti/crtbegin.o
LOAD CMakeFiles/bootloader.elf.dir/project_elf_src.c.obj
LOAD esp-idf/hal/libhal.a
LOAD esp-idf/soc/libsoc.a
LOAD esp-idf/esp_rom/libesp_rom.a
LOAD esp-idf/log/liblog.a
LOAD esp-idf/micro-ecc/libmicro-ecc.a
LOAD esp-idf/efuse/libefuse.a
LOAD esp-idf/bootloader_support/libbootloader_support.a
LOAD esp-idf/main/libmain.a
LOAD esp-idf/efuse/libefuse.a
LOAD esp-idf/bootloader_support/libbootloader_support.a
LOAD esp-idf/efuse/libefuse.a
LOAD esp-idf/bootloader_support/libbootloader_support.a
LOAD esp-idf/micro-ecc/libmicro-ecc.a
LOAD esp-idf/hal/libhal.a
LOAD esp-idf/soc/libsoc.a
LOAD esp-idf/esp_rom/libesp_rom.a
LOAD esp-idf/log/liblog.a
LOAD esp-idf/soc/soc/esp32s2/libsoc_esp32s2.a
LOAD esp-idf/hal/libhal.a
LOAD esp-idf/soc/libsoc.a
LOAD esp-idf/esp_rom/libesp_rom.a
LOAD esp-idf/log/liblog.a
LOAD esp-idf/soc/soc/esp32s2/libsoc_esp32s2.a
LOAD /home/sg/.espressif/tools/xtensa-esp32s2-elf/esp-2020r3-8.4.0/xtensa-esp32s2-elf/bin/../lib/gcc/xtensa-esp32s2-elf/8.4.0/no-rtti/libgcc.a
LOAD /home/sg/.espressif/tools/xtensa-esp32s2-elf/esp-2020r3-8.4.0/xtensa-esp32s2-elf/bin/../lib/gcc/xtensa-esp32s2-elf/8.4.0/../../../../xtensa-esp32s2-elf/lib/no-rtti/libc.a
LOAD /home/sg/.espressif/tools/xtensa-esp32s2-elf/esp-2020r3-8.4.0/xtensa-esp32s2-elf/bin/../lib/gcc/xtensa-esp32s2-elf/8.4.0/../../../../xtensa-esp32s2-elf/lib/no-rtti/libnosys.a
LOAD /home/sg/.espressif/tools/xtensa-esp32s2-elf/esp-2020r3-8.4.0/xtensa-esp32s2-elf/bin/../lib/gcc/xtensa-esp32s2-elf/8.4.0/../../../../xtensa-esp32s2-elf/lib/no-rtti/libc.a
LOAD /home/sg/.espressif/tools/xtensa-esp32s2-elf/esp-2020r3-8.4.0/xtensa-esp32s2-elf/bin/../lib/gcc/xtensa-esp32s2-elf/8.4.0/no-rtti/libgcc.a
LOAD /home/sg/.espressif/tools/xtensa-esp32s2-elf/esp-2020r3-8.4.0/xtensa-esp32s2-elf/bin/../lib/gcc/xtensa-esp32s2-elf/8.4.0/no-rtti/crtend.o
LOAD /home/sg/.espressif/tools/xtensa-esp32s2-elf/esp-2020r3-8.4.0/xtensa-esp32s2-elf/bin/../lib/gcc/xtensa-esp32s2-elf/8.4.0/no-rtti/crtn.o
                [!provide]                        PROVIDE (UART0 = 0x3f400000)
                0x000000003f402000                PROVIDE (SPIMEM1 = 0x3f402000)
                [!provide]                        PROVIDE (SPIMEM0 = 0x3f403000)
                0x000000003f404000                PROVIDE (GPIO = 0x3f404000)
                [!provide]                        PROVIDE (SIGMADELTA = 0x3f404f00)
                0x000000003f408000                PROVIDE (RTCCNTL = 0x3f408000)
                [!provide]                        PROVIDE (RTCIO = 0x3f408400)
                [!provide]                        PROVIDE (SENS = 0x3f408800)
                [!provide]                        PROVIDE (HINF = 0x3f40b000)
                [!provide]                        PROVIDE (I2S0 = 0x3f40f000)
                [!provide]                        PROVIDE (UART1 = 0x3f410000)
                [!provide]                        PROVIDE (I2C0 = 0x3f413000)
                [!provide]                        PROVIDE (UHCI0 = 0x3f414000)
                [!provide]                        PROVIDE (HOST = 0x3f415000)
                [!provide]                        PROVIDE (RMT = 0x3f416000)
                [!provide]                        PROVIDE (RMTMEM = 0x3f416400)
                [!provide]                        PROVIDE (PCNT = 0x3f417000)
                [!provide]                        PROVIDE (SLC = 0x3f418000)
                [!provide]                        PROVIDE (LEDC = 0x3f419000)
                [!provide]                        PROVIDE (CP_DMA = 0x3f4c3000)
                0x000000003f41f000                PROVIDE (TIMERG0 = 0x3f41f000)
                0x000000003f420000                PROVIDE (TIMERG1 = 0x3f420000)
                [!provide]                        PROVIDE (GPSPI2 = 0x3f424000)
                [!provide]                        PROVIDE (GPSPI3 = 0x3f425000)
                [!provide]                        PROVIDE (SYSCON = 0x3f426000)
                [!provide]                        PROVIDE (I2C1 = 0x3f427000)
                [!provide]                        PROVIDE (TWAI = 0x3f42b000)
                [!provide]                        PROVIDE (APB_SARADC = 0x3f440000)
                [!provide]                        PROVIDE (USB0 = 0x60080000)
                [!provide]                        PROVIDE (USB_WRAP = 0x3f439000)
                0x00000000400119dc                PROVIDE (esp_rom_crc32_le = crc32_le)
                [!provide]                        PROVIDE (esp_rom_crc16_le = crc16_le)
                [!provide]                        PROVIDE (esp_rom_crc8_le = crc8_le)
                0x0000000040019510                PROVIDE (esp_rom_gpio_pad_select_gpio = gpio_pad_select_gpio)
                0x0000000040019564                PROVIDE (esp_rom_gpio_pad_pullup_only = gpio_pad_pullup)
                0x0000000040019538                PROVIDE (esp_rom_gpio_pad_set_drv = gpio_pad_set_drv)
                [!provide]                        PROVIDE (esp_rom_gpio_pad_unhold = gpio_pad_unhold)
                [!provide]                        PROVIDE (esp_rom_gpio_connect_in_signal = gpio_matrix_in)
                [!provide]                        PROVIDE (esp_rom_gpio_connect_out_signal = gpio_matrix_out)
                [!provide]                        PROVIDE (esp_rom_efuse_mac_address_crc8 = esp_crc8)
                0x000000004000e4a0                PROVIDE (esp_rom_efuse_get_flash_gpio_info = ets_efuse_get_spiconfig)
                0x000000004000e444                PROVIDE (esp_rom_efuse_get_flash_wp_gpio = ets_efuse_get_wp_pad)
                [!provide]                        PROVIDE (esp_rom_efuse_is_secure_boot_enabled = ets_efuse_secure_boot_enabled)
                0x0000000040012b40                PROVIDE (esp_rom_uart_flush_tx = uart_tx_flush)
                [!provide]                        PROVIDE (esp_rom_uart_tx_one_char = uart_tx_one_char)
                0x0000000040012b6c                PROVIDE (esp_rom_uart_tx_wait_idle = uart_tx_wait_idle)
                [!provide]                        PROVIDE (esp_rom_uart_rx_one_char = uart_rx_one_char)
                [!provide]                        PROVIDE (esp_rom_uart_rx_string = UartRxString)
                [!provide]                        PROVIDE (esp_rom_uart_set_as_console = uart_tx_switch)
                [!provide]                        PROVIDE (esp_rom_uart_usb_acm_init = Uart_Init_USB)
                0x000000004000f998                PROVIDE (esp_rom_uart_putc = ets_write_char_uart)
                0x000000004000526c                PROVIDE (esp_rom_md5_init = 0x4000526c)
                0x000000004000528c                PROVIDE (esp_rom_md5_update = 0x4000528c)
                0x000000004000530c                PROVIDE (esp_rom_md5_final = 0x4000530c)
                0x000000004000fee0                PROVIDE (esp_rom_printf = ets_printf)
                0x000000004000d888                PROVIDE (esp_rom_delay_us = ets_delay_us)
                [!provide]                        PROVIDE (abort = 0x40019fb4)
                [!provide]                        PROVIDE (acm_config_descr = 0x3ffaef0f)
                [!provide]                        PROVIDE (acm_usb_descriptors = 0x3ffaee68)
                [!provide]                        PROVIDE (boot_prepare = 0x4000f348)
                [!provide]                        PROVIDE (Cache_Address_Through_DCache = 0x400180f0)
                [!provide]                        PROVIDE (Cache_Address_Through_ICache = 0x400180bc)
                [!provide]                        PROVIDE (Cache_Allocate_SRAM = 0x40018d6c)
                [!provide]                        PROVIDE (Cache_Clean_Addr = 0x40018370)
                [!provide]                        PROVIDE (Cache_Clean_All = 0x40018438)
                [!provide]                        PROVIDE (Cache_Clean_Items = 0x40018250)
                [!provide]                        PROVIDE (Cache_Config_DCache_Autoload = 0x40018794)
                [!provide]                        PROVIDE (Cache_Config_ICache_Autoload = 0x40018664)
                [!provide]                        PROVIDE (Cache_Count_Flash_Pages = 0x40018f70)
                [!provide]                        PROVIDE (Cache_Dbus_MMU_Set = 0x40018eb0)
                [!provide]                        PROVIDE (Cache_DCache_Preload_Done = 0x40018630)
                [!provide]                        PROVIDE (Cache_Disable_DCache = 0x40018c68)
                [!provide]                        PROVIDE (Cache_Disable_DCache_Autoload = 0x4001888c)
                [!provide]                        PROVIDE (Cache_Disable_DCache_PreLock = 0x40018a5c)
                [!provide]                        PROVIDE (Cache_Disable_ICache = 0x40018c2c)
                [!provide]                        PROVIDE (Cache_Disable_ICache_Autoload = 0x4001875c)
                [!provide]                        PROVIDE (Cache_Disable_ICache_PreLock = 0x4001892c)
                [!provide]                        PROVIDE (Cache_Enable_DCache = 0x40018d58)
                [!provide]                        PROVIDE (Cache_Enable_DCache_Autoload = 0x40018874)
                [!provide]                        PROVIDE (Cache_Enable_DCache_PreLock = 0x400189f0)
                [!provide]                        PROVIDE (Cache_Enable_Defalut_DCache_Mode = 0x40018170)
                [!provide]                        PROVIDE (Cache_Enable_ICache = 0x40018cf8)
                [!provide]                        PROVIDE (Cache_Enable_ICache_Autoload = 0x40018744)
                [!provide]                        PROVIDE (Cache_Enable_ICache_PreLock = 0x400188c0)
                [!provide]                        PROVIDE (Cache_End_DCache_Preload = 0x40018644)
                [!provide]                        PROVIDE (Cache_End_ICache_Preload = 0x400185b0)
                [!provide]                        PROVIDE (Cache_Flash_To_SPIRAM_Copy = 0x40018fc4)
                [!provide]                        PROVIDE (Cache_Get_DCache_Line_Size = 0x40017fd8)
                [!provide]                        PROVIDE (Cache_Get_ICache_Line_Size = 0x40017fbc)
                [!provide]                        PROVIDE (Cache_Get_Memory_Addr = 0x4001929c)
                [!provide]                        PROVIDE (Cache_Get_Memory_BaseAddr = 0x40019244)
                [!provide]                        PROVIDE (Cache_Get_Memory_value = 0x400192d8)
                [!provide]                        PROVIDE (Cache_Get_Mode = 0x40017ff0)
                [!provide]                        PROVIDE (Cache_Get_Virtual_Addr = 0x40019210)
                0x0000000040018df4                PROVIDE (Cache_Ibus_MMU_Set = 0x40018df4)
                [!provide]                        PROVIDE (Cache_ICache_Preload_Done = 0x4001859c)
                [!provide]                        PROVIDE (Cache_Invalidate_Addr = 0x400182e4)
                [!provide]                        PROVIDE (Cache_Invalidate_DCache_All = 0x4001842c)
                [!provide]                        PROVIDE (Cache_Invalidate_DCache_Items = 0x40018208)
                0x0000000040018420                PROVIDE (Cache_Invalidate_ICache_All = 0x40018420)
                [!provide]                        PROVIDE (Cache_Invalidate_ICache_Items = 0x400181b8)
                [!provide]                        PROVIDE (Cache_Lock_Addr = 0x40018b10)
                [!provide]                        PROVIDE (Cache_Lock_DCache_Items = 0x40018a80)
                [!provide]                        PROVIDE (Cache_Lock_ICache_Items = 0x40018950)
                [!provide]                        PROVIDE (Cache_Mask_All = 0x40018458)
                [!provide]                        PROVIDE (cache_memory_baseaddrs = 0x3ffaf020)
                0x0000000040018dd8                PROVIDE (Cache_MMU_Init = 0x40018dd8)
                [!provide]                        PROVIDE (Cache_Resume_DCache = 0x40018d3c)
                [!provide]                        PROVIDE (Cache_Resume_DCache_Autoload = 0x4001850c)
                0x0000000040018cdc                PROVIDE (Cache_Resume_ICache = 0x40018cdc)
                [!provide]                        PROVIDE (Cache_Resume_ICache_Autoload = 0x400184c4)
                [!provide]                        PROVIDE (Cache_Set_DCache_Mode = 0x40018074)
                [!provide]                        PROVIDE (Cache_Set_Default_Mode = 0x4001810c)
                [!provide]                        PROVIDE (Cache_Set_ICache_Mode = 0x4001803c)
                [!provide]                        PROVIDE (Cache_Start_DCache_Preload = 0x400185c4)
                [!provide]                        PROVIDE (Cache_Start_ICache_Preload = 0x40018530)
                [!provide]                        PROVIDE (Cache_Suspend_DCache = 0x40018d04)
                [!provide]                        PROVIDE (Cache_Suspend_DCache_Autoload = 0x400184e0)
                0x0000000040018ca4                PROVIDE (Cache_Suspend_ICache = 0x40018ca4)
                [!provide]                        PROVIDE (Cache_Suspend_ICache_Autoload = 0x40018498)
                [!provide]                        PROVIDE (Cache_Travel_Tag_Memory = 0x4001908c)
                [!provide]                        PROVIDE (Cache_Unlock_Addr = 0x40018b9c)
                [!provide]                        PROVIDE (Cache_Unlock_DCache_Items = 0x40018ac8)
                [!provide]                        PROVIDE (Cache_Unlock_ICache_Items = 0x40018998)
                [!provide]                        PROVIDE (Cache_UnMask_Drom0 = 0x40018480)
                [!provide]                        PROVIDE (Cache_WriteBack_Addr = 0x400183c8)
                [!provide]                        PROVIDE (Cache_WriteBack_All = 0x40018444)
                [!provide]                        PROVIDE (Cache_WriteBack_Items = 0x40018298)
                [!provide]                        PROVIDE (cacl_rtc_memory_crc = 0x4000ffa0)
                [!provide]                        PROVIDE (cdc_acm_class_handle_req = 0x40013050)
                [!provide]                        PROVIDE (cdc_acm_config = 0x3ffffa10)
                [!provide]                        PROVIDE (cdc_acm_dev = 0x3ffffce8)
                [!provide]                        PROVIDE (cdc_acm_fifo_fill = 0x4001318c)
                [!provide]                        PROVIDE (cdc_acm_fifo_read = 0x40013200)
                [!provide]                        PROVIDE (cdc_acm_init = 0x40013144)
                [!provide]                        PROVIDE (cdc_acm_irq_callback_set = 0x400132d4)
                [!provide]                        PROVIDE (cdc_acm_irq_is_pending = 0x400132b0)
                [!provide]                        PROVIDE (cdc_acm_irq_rx_disable = 0x40013290)
                [!provide]                        PROVIDE (cdc_acm_irq_rx_enable = 0x40013284)
                [!provide]                        PROVIDE (cdc_acm_irq_rx_ready = 0x4001329c)
                [!provide]                        PROVIDE (cdc_acm_irq_state_disable = 0x40013264)
                [!provide]                        PROVIDE (cdc_acm_irq_state_enable = 0x40013258)
                [!provide]                        PROVIDE (cdc_acm_irq_tx_disable = 0x4001324c)
                [!provide]                        PROVIDE (cdc_acm_irq_tx_enable = 0x40013240)
                [!provide]                        PROVIDE (cdc_acm_irq_tx_ready = 0x40013270)
                [!provide]                        PROVIDE (cdc_acm_line_ctrl_get = 0x40013330)
                [!provide]                        PROVIDE (cdc_acm_line_ctrl_set = 0x400132dc)
                [!provide]                        PROVIDE (cdc_acm_poll_out = 0x40013360)
                [!provide]                        PROVIDE (cdc_acm_rx_fifo_cnt = 0x400131ec)
                [!provide]                        PROVIDE (chip723_phyrom_version = 0x4000a8a8)
                [!provide]                        PROVIDE (chip_usb_detach = 0x40013508)
                [!provide]                        PROVIDE (chip_usb_dw_did_persist = 0x4001337c)
                [!provide]                        PROVIDE (chip_usb_dw_init = 0x400133bc)
                [!provide]                        PROVIDE (chip_usb_dw_prepare_persist = 0x40013588)
                [!provide]                        PROVIDE (chip_usb_get_persist_flags = 0x400135d8)
                [!provide]                        PROVIDE (chip_usb_set_persist_flags = 0x400135e8)
                [!provide]                        PROVIDE (context = 0x3fffeb34)
                [!provide]                        PROVIDE (cpio_destroy = 0x4001599c)
                [!provide]                        PROVIDE (cpio_done = 0x40015968)
                [!provide]                        PROVIDE (cpio_feed = 0x40015668)
                [!provide]                        PROVIDE (cpio_start = 0x4001561c)
                [!provide]                        PROVIDE (crc16_le = 0x40011a10)
                0x00000000400119dc                PROVIDE (crc32_le = 0x400119dc)
                [!provide]                        PROVIDE (crc8_le = 0x40011a4c)
                [!provide]                        PROVIDE (_cvt = 0x4000f9b8)
                [!provide]                        PROVIDE (_data_end_all_pro = 0x3fffff98)
                [!provide]                        PROVIDE (_data_end_c = 0x3ffffd80)
                [!provide]                        PROVIDE (_data_end_ets = 0x3fffe710)
                [!provide]                        PROVIDE (_data_end_ets_delay = 0x3ffffd74)
                [!provide]                        PROVIDE (_data_end_ets_printf = 0x3ffffd5c)
                [!provide]                        PROVIDE (_data_end_newlib = 0x3ffffd74)
                [!provide]                        PROVIDE (_data_end_phyrom = 0x3fffff98)
                [!provide]                        PROVIDE (_data_end_sip = 0x3fffeb70)
                [!provide]                        PROVIDE (_data_end_slc = 0x3fffeb70)
                [!provide]                        PROVIDE (_data_end_spi_flash = 0x3ffffd54)
                [!provide]                        PROVIDE (_data_end_spi_slave = 0x3fffeb30)
                [!provide]                        PROVIDE (_data_end_uart = 0x3ffffcf4)
                [!provide]                        PROVIDE (_data_end_usbdev = 0x3ffffa6c)
                [!provide]                        PROVIDE (_data_end_xtos = 0x3fffef88)
                [!provide]                        PROVIDE (_data_start_all_pro = 0x3fffff98)
                [!provide]                        PROVIDE (_data_start_c = 0x3ffffd7c)
                [!provide]                        PROVIDE (_data_start_ets = 0x3fffe710)
                [!provide]                        PROVIDE (_data_start_ets_delay = 0x3ffffd70)
                [!provide]                        PROVIDE (_data_start_ets_printf = 0x3ffffd5c)
                [!provide]                        PROVIDE (_data_start_newlib = 0x3ffffd74)
                [!provide]                        PROVIDE (_data_start_phyrom = 0x3ffffd90)
                [!provide]                        PROVIDE (_data_start_sip = 0x3fffeb70)
                [!provide]                        PROVIDE (_data_start_slc = 0x3fffeb70)
                [!provide]                        PROVIDE (_data_start_spi_flash = 0x3ffffd38)
                [!provide]                        PROVIDE (_data_start_spi_slave = 0x3fffeb30)
                [!provide]                        PROVIDE (_data_start_uart = 0x3ffffcf4)
                [!provide]                        PROVIDE (_data_start_usbdev = 0x3ffffa10)
                [!provide]                        PROVIDE (_data_start_xtos = 0x3fffeb70)
                [!provide]                        PROVIDE (dbus_baseaddrs = 0x3ffaf030)
                [!provide]                        PROVIDE (_DebugExceptionVector = 0x40000280)
                [!provide]                        PROVIDE (_DebugExceptionVector_text_end = 0x4000028b)
                [!provide]                        PROVIDE (_DebugExceptionVector_text_start = 0x40000280)
                [!provide]                        PROVIDE (__default_global_locale = 0x3ffac600)
                [!provide]                        PROVIDE (dfu_class_handle_req = 0x400152f0)
                [!provide]                        PROVIDE (dfu_config_descr = 0x3ffaeeb2)
                [!provide]                        PROVIDE (dfu_cpio_callback = 0x4001360c)
                [!provide]                        PROVIDE (dfu_custom_handle_req = 0x40015568)
                [!provide]                        PROVIDE (dfu_flash_attach = 0x40015a34)
                [!provide]                        PROVIDE (dfu_flash_deinit = 0x400159b4)
                [!provide]                        PROVIDE (dfu_flash_erase = 0x400159bc)
                [!provide]                        PROVIDE (dfu_flash_init = 0x400159a4)
                [!provide]                        PROVIDE (dfu_flash_program = 0x400159d0)
                [!provide]                        PROVIDE (dfu_flash_read = 0x40015a24)
                [!provide]                        PROVIDE (dfu_status_cb = 0x40015514)
                [!provide]                        PROVIDE (dfu_updater_begin = 0x40013858)
                [!provide]                        PROVIDE (dfu_updater_clear_err = 0x40013810)
                [!provide]                        PROVIDE (dfu_updater_enable = 0x40013828)
                [!provide]                        PROVIDE (dfu_updater_end = 0x40013900)
                [!provide]                        PROVIDE (dfu_updater_feed = 0x400138b4)
                [!provide]                        PROVIDE (dfu_updater_flash_read = 0x400139e8)
                [!provide]                        PROVIDE (dfu_updater_get_err = 0x400137fc)
                [!provide]                        PROVIDE (dfu_updater_set_raw_addr = 0x400139d4)
                [!provide]                        PROVIDE (dfu_usb_descriptors = 0x3ffaee4c)
                [!provide]                        PROVIDE (dh_group14_generator = 0x3ffadfec)
                [!provide]                        PROVIDE (dh_group14_prime = 0x3ffadeec)
                [!provide]                        PROVIDE (dh_group15_generator = 0x3ffadeeb)
                [!provide]                        PROVIDE (dh_group15_prime = 0x3ffadd6b)
                [!provide]                        PROVIDE (dh_group16_generator = 0x3ffadd6a)
                [!provide]                        PROVIDE (dh_group16_prime = 0x3ffadb6a)
                [!provide]                        PROVIDE (dh_group17_generator = 0x3ffadb69)
                [!provide]                        PROVIDE (dh_group17_prime = 0x3ffad869)
                [!provide]                        PROVIDE (dh_group18_generator = 0x3ffad868)
                [!provide]                        PROVIDE (dh_group18_prime = 0x3ffad468)
                [!provide]                        PROVIDE (dh_group1_generator = 0x3ffae18f)
                [!provide]                        PROVIDE (dh_group1_prime = 0x3ffae12f)
                [!provide]                        PROVIDE (dh_group2_generator = 0x3ffae12e)
                [!provide]                        PROVIDE (dh_group2_prime = 0x3ffae0ae)
                [!provide]                        PROVIDE (dh_group5_generator = 0x3ffae0ad)
                [!provide]                        PROVIDE (dh_group5_prime = 0x3ffadfed)
                [!provide]                        PROVIDE (disable_default_watchdog = 0x4000f270)
                [!provide]                        PROVIDE (Disable_QMode = 0x400166e0)
                [!provide]                        PROVIDE (dmadesc_rx = 0x3fffeb4c)
                [!provide]                        PROVIDE (dmadesc_tx = 0x3fffeb40)
                [!provide]                        PROVIDE (_DoubleExceptionVector = 0x400003c0)
                [!provide]                        PROVIDE (_DoubleExceptionVector_text_end = 0x400003c6)
                [!provide]                        PROVIDE (_DoubleExceptionVector_text_start = 0x400003c0)
                [!provide]                        PROVIDE (_dram0_0_start = 0x3ffeab00)
                [!provide]                        PROVIDE (_dram0_rtos_reserved_start = 0x3ffffa10)
                0x000000003ffffd54                PROVIDE (dummy_len_plus = 0x3ffffd54)
                [!provide]                        PROVIDE (Enable_QMode = 0x40016690)
                [!provide]                        PROVIDE (esp_crc8 = 0x40011a78)
                [!provide]                        PROVIDE (esp_rom_config_pad_power_select = 0x40016e58)
                [!provide]                        PROVIDE (esp_rom_opiflash_cache_mode_config = 0x40016754)
                [!provide]                        PROVIDE (esp_rom_opiflash_exec_cmd = 0x40017e30)
                [!provide]                        PROVIDE (esp_rom_opiflash_exit_continuous_read_mode = 0x40017ee8)
                [!provide]                        PROVIDE (esp_rom_opiflash_mode_reset = 0x40017f90)
                [!provide]                        PROVIDE (esp_rom_opiflash_pin_config = 0x400177f8)
                [!provide]                        PROVIDE (esp_rom_opiflash_soft_reset = 0x40017f24)
                [!provide]                        PROVIDE (esp_rom_spi_cmd_config = 0x40017c58)
                [!provide]                        PROVIDE (esp_rom_spi_cmd_start = 0x40017ba8)
                [!provide]                        PROVIDE (esp_rom_spi_flash_auto_sus_res = 0x400175e0)
                [!provide]                        PROVIDE (esp_rom_spi_flash_auto_wait_idle = 0x4001751c)
                [!provide]                        PROVIDE (esp_rom_spi_flash_send_resume = 0x40017570)
                [!provide]                        PROVIDE (esp_rom_spi_flash_update_id = 0x40016e44)
                [!provide]                        PROVIDE (esp_rom_spi_reset_rw_mode = 0x40017984)
                [!provide]                        PROVIDE (esp_rom_spi_set_dtr_swap_mode = 0x40017b60)
                [!provide]                        PROVIDE (esp_rom_spi_set_op_mode = 0x400179e8)
                [!provide]                        PROVIDE (_etext = 0x4001bed0)
                [!provide]                        PROVIDE (ets_aes_block = 0x4000d610)
                [!provide]                        PROVIDE (ets_aes_disable = 0x4000d4f8)
                [!provide]                        PROVIDE (ets_aes_enable = 0x4000d4cc)
                [!provide]                        PROVIDE (ets_aes_set_endian = 0x4000d528)
                [!provide]                        PROVIDE (ets_aes_setkey = 0x4000d594)
                [!provide]                        PROVIDE (ets_aes_setkey_dec = 0x4000d5f0)
                [!provide]                        PROVIDE (ets_aes_setkey_enc = 0x4000d5e0)
                [!provide]                        PROVIDE (ets_bigint_disable = 0x4000d750)
                [!provide]                        PROVIDE (ets_bigint_enable = 0x4000d708)
                [!provide]                        PROVIDE (ets_bigint_getz = 0x4000d858)
                [!provide]                        PROVIDE (ets_bigint_modexp = 0x4000d818)
                [!provide]                        PROVIDE (ets_bigint_modmult = 0x4000d7f4)
                [!provide]                        PROVIDE (ets_bigint_multiply = 0x4000d790)
                [!provide]                        PROVIDE (ets_bigint_wait_finish = 0x4000d840)
                [!provide]                        PROVIDE (ets_config_flash_by_image_hdr = 0x40010e40)
                0x000000004000d888                PROVIDE (ets_delay_us = 0x4000d888)
                [!provide]                        PROVIDE (ets_ds_disable = 0x4000d910)
                [!provide]                        PROVIDE (ets_ds_enable = 0x4000d8e4)
                [!provide]                        PROVIDE (ets_ds_encrypt_params = 0x4000da90)
                [!provide]                        PROVIDE (ets_ds_finish_sign = 0x4000d9f8)
                [!provide]                        PROVIDE (ets_ds_is_busy = 0x4000d93c)
                [!provide]                        PROVIDE (ets_ds_start_sign = 0x4000d96c)
                [!provide]                        PROVIDE (ets_efuse_cache_encryption_enabled = 0x4000e690)
                [!provide]                        PROVIDE (ets_efuse_clear_program_registers = 0x4000e100)
                [!provide]                        PROVIDE (ets_efuse_count_unused_key_blocks = 0x4000e2c4)
                [!provide]                        PROVIDE (ets_efuse_download_modes_disabled = 0x4000e594)
                [!provide]                        PROVIDE (ets_efuse_find_purpose = 0x4000e224)
                [!provide]                        PROVIDE (ets_efuse_find_unused_key_block = 0x4000e2ac)
                [!provide]                        PROVIDE (ets_efuse_flash_opi_5pads_power_sel_vddspi = 0x4000e640)
                [!provide]                        PROVIDE (ets_efuse_flash_opi_mode = 0x4000e650)
                [!provide]                        PROVIDE (ets_efuse_force_send_resume = 0x4000e660)
                [!provide]                        PROVIDE (ets_efuse_get_flash_delay_us = 0x4000e6d4)
                [!provide]                        PROVIDE (ets_efuse_get_key_purpose = 0x4000e1b0)
                [!provide]                        PROVIDE (ets_efuse_get_opiconfig = 0x4000e4fc)
                [!provide]                        PROVIDE (ets_efuse_get_read_register_address = 0x4000e18c)
                0x000000004000e4a0                PROVIDE (ets_efuse_get_spiconfig = 0x4000e4a0)
                [!provide]                        PROVIDE (ets_efuse_get_uart_print_channel = 0x4000e5b4)
                [!provide]                        PROVIDE (ets_efuse_get_uart_print_control = 0x4000e5a4)
                0x000000004000e444                PROVIDE (ets_efuse_get_wp_pad = 0x4000e444)
                [!provide]                        PROVIDE (ets_efuse_key_block_unused = 0x4000e250)
                [!provide]                        PROVIDE (ets_efuse_legacy_spi_boot_mode_disabled = 0x4000e6b0)
                [!provide]                        PROVIDE (ets_efuse_program = 0x4000e134)
                [!provide]                        PROVIDE (ets_efuse_read = 0x4000e0c0)
                [!provide]                        PROVIDE (ets_efuse_rs_calculate = 0x4000e6f8)
                [!provide]                        PROVIDE (ets_efuse_secure_boot_aggressive_revoke_enabled = 0x4000e680)
                [!provide]                        PROVIDE (ets_efuse_secure_boot_enabled = 0x4000e670)
                [!provide]                        PROVIDE (ets_efuse_security_download_modes_enabled = 0x4000e5d4)
                [!provide]                        PROVIDE (ets_efuse_set_timing = 0x4000df3c)
                [!provide]                        PROVIDE (ets_efuse_start = 0x4000e084)
                [!provide]                        PROVIDE (ets_efuse_usb_download_mode_disabled = 0x4000e5f4)
                [!provide]                        PROVIDE (ets_efuse_usb_force_nopersist = 0x4000e630)
                [!provide]                        PROVIDE (ets_efuse_usb_module_disabled = 0x4000e5c4)
                [!provide]                        PROVIDE (ets_efuse_usb_use_ext_phy = 0x4000e620)
                [!provide]                        PROVIDE (ets_efuse_write_key = 0x4000e2f4)
                [!provide]                        PROVIDE (ets_emsa_pss_verify = 0x40011818)
                [!provide]                        PROVIDE (ets_get_apb_freq = 0x40010c58)
                [!provide]                        PROVIDE (ets_get_cpu_frequency = 0x4000d8b0)
                [!provide]                        PROVIDE (ets_get_printf_channel = 0x4000ff48)
                [!provide]                        PROVIDE (ets_get_xtal_div = 0x40010bfc)
                [!provide]                        PROVIDE (ets_get_xtal_freq = 0x40010c38)
                [!provide]                        PROVIDE (ets_hmac_calculate_downstream = 0x4000f120)
                [!provide]                        PROVIDE (ets_hmac_calculate_message = 0x4000f020)
                [!provide]                        PROVIDE (ets_hmac_disable = 0x4000eff4)
                [!provide]                        PROVIDE (ets_hmac_enable = 0x4000efd8)
                [!provide]                        PROVIDE (ets_hmac_invalidate_downstream = 0x4000f140)
                [!provide]                        PROVIDE (ets_install_lock = 0x4000fea0)
                0x000000004000feb0                PROVIDE (ets_install_putc1 = 0x4000feb0)
                0x000000004000fed0                PROVIDE (ets_install_putc2 = 0x4000fed0)
                [!provide]                        PROVIDE (ets_install_uart_printf = 0x4000fec0)
                [!provide]                        PROVIDE (ets_intr_count = 0x3fffe710)
                [!provide]                        PROVIDE (ets_intr_lock = 0x4000f168)
                [!provide]                        PROVIDE (ets_intr_unlock = 0x4000f17c)
                [!provide]                        PROVIDE (ets_is_print_boot = 0x4000f2a0)
                [!provide]                        PROVIDE (ets_isr_attach = 0x4000f1a4)
                [!provide]                        PROVIDE (ets_isr_mask = 0x4000f1b4)
                [!provide]                        PROVIDE (ets_isr_unmask = 0x4000f1c0)
                [!provide]                        PROVIDE (ets_jtag_enable_temporarily = 0x4000e548)
                [!provide]                        PROVIDE (ets_loader_map_range = 0x40010d4c)
                [!provide]                        PROVIDE (ets_mgf1_sha256 = 0x400117b0)
                0x000000004000fee0                PROVIDE (ets_printf = 0x4000fee0)
                [!provide]                        PROVIDE (ets_printf_lock = 0x3ffffd64)
                [!provide]                        PROVIDE (ets_printf_uart = 0x3ffffd5c)
                [!provide]                        PROVIDE (ets_printf_unlock = 0x3ffffd60)
                [!provide]                        PROVIDE (ets_rsa_pss_verify = 0x4001191c)
                [!provide]                        PROVIDE (ets_run_flash_bootloader = 0x40010f58)
                [!provide]                        PROVIDE (ets_secure_boot_read_key_digests = 0x400101ac)
                [!provide]                        PROVIDE (ets_secure_boot_revoke_public_key_digest = 0x4001025c)
                [!provide]                        PROVIDE (ets_secure_boot_verify_bootloader_with_keys = 0x40010444)
                [!provide]                        PROVIDE (ets_secure_boot_verify_signature = 0x400102cc)
                [!provide]                        PROVIDE (ets_secure_boot_verify_stage_bootloader = 0x40010720)
                [!provide]                        PROVIDE (ets_set_printf_channel = 0x4000ff3c)
                [!provide]                        PROVIDE (ets_set_user_start = 0x4000f25c)
                [!provide]                        PROVIDE (ets_set_xtal_div = 0x40010c18)
                [!provide]                        PROVIDE (ets_sha_clone = 0x4001095c)
                [!provide]                        PROVIDE (ets_sha_disable = 0x400107b4)
                0x0000000040010788                PROVIDE (ets_sha_enable = 0x40010788)
                0x0000000040010ab8                PROVIDE (ets_sha_finish = 0x40010ab8)
                [!provide]                        PROVIDE (ets_sha_get_state = 0x40010934)
                0x00000000400107e0                PROVIDE (ets_sha_init = 0x400107e0)
                [!provide]                        PROVIDE (ets_sha_process = 0x40010988)
                [!provide]                        PROVIDE (ets_sha_starts = 0x40010828)
                0x00000000400109f8                PROVIDE (ets_sha_update = 0x400109f8)
                [!provide]                        PROVIDE (ets_startup_callback = 0x3fffe718)
                [!provide]                        PROVIDE (ets_unpack_flash_code_legacy = 0x40011430)
                0x000000004000d8a4                PROVIDE (ets_update_cpu_frequency = 0x4000d8a4)
                [!provide]                        PROVIDE (ets_vprintf = 0x4000fa3c)
                [!provide]                        PROVIDE (ets_waiti0 = 0x4000f190)
                [!provide]                        PROVIDE (ets_wdt_reset_cpu = 0x4001a82c)
                [!provide]                        PROVIDE (ets_write_char = 0x4000f974)
                0x000000004000f998                PROVIDE (ets_write_char_uart = 0x4000f998)
                [!provide]                        PROVIDE (exc_cause_table = 0x3ffacbe8)
                [!provide]                        PROVIDE (FilePacketSendDeflatedReqMsgProc = 0x40011ed8)
                [!provide]                        PROVIDE (FilePacketSendReqMsgProc = 0x40011bd8)
                [!provide]                        PROVIDE (flashchip = 0x3ffffd38)
                [!provide]                        PROVIDE (FlashDwnLdDeflatedStartMsgProc = 0x40011e80)
                [!provide]                        PROVIDE (FlashDwnLdParamCfgMsgProc = 0x40011cc0)
                [!provide]                        PROVIDE (FlashDwnLdStartMsgProc = 0x40011b74)
                [!provide]                        PROVIDE (FlashDwnLdStopDeflatedReqMsgProc = 0x40011fd8)
                [!provide]                        PROVIDE (FlashDwnLdStopReqMsgProc = 0x40011c90)
                [!provide]                        PROVIDE (general_device_descr = 0x3ffffa58)
                [!provide]                        PROVIDE (_GeneralException = 0x400073cf)
                [!provide]                        PROVIDE (get_id = 0x4001610c)
                [!provide]                        PROVIDE (GetSecurityInfoProc = 0x40012098)
                [!provide]                        PROVIDE (GetUartDevice = 0x40012f60)
                [!provide]                        PROVIDE (__global_locale_ptr = 0x3ffffd7c)
                [!provide]                        PROVIDE (g_phyFuns = 0x3ffffd90)
                [!provide]                        PROVIDE (g_phyFuns_instance = 0x3ffffd94)
                [!provide]                        PROVIDE (gpio_input_get = 0x400193a0)
                [!provide]                        PROVIDE (gpio_input_get_high = 0x400193b4)
                [!provide]                        PROVIDE (gpio_matrix_in = 0x40019430)
                [!provide]                        PROVIDE (gpio_matrix_out = 0x40019460)
                [!provide]                        PROVIDE (gpio_output_disable = 0x400194dc)
                [!provide]                        PROVIDE (gpio_output_enable = 0x400194b0)
                [!provide]                        PROVIDE (gpio_output_set = 0x4001933c)
                [!provide]                        PROVIDE (gpio_output_set_high = 0x40019374)
                [!provide]                        PROVIDE (gpio_pad_hold = 0x40019654)
                [!provide]                        PROVIDE (gpio_pad_input_disable = 0x400195f0)
                [!provide]                        PROVIDE (gpio_pad_input_enable = 0x400195cc)
                [!provide]                        PROVIDE (gpio_pad_pulldown = 0x40019598)
                0x0000000040019564                PROVIDE (gpio_pad_pullup = 0x40019564)
                0x0000000040019510                PROVIDE (gpio_pad_select_gpio = 0x40019510)
                0x0000000040019538                PROVIDE (gpio_pad_set_drv = 0x40019538)
                [!provide]                        PROVIDE (gpio_pad_unhold = 0x4001961c)
                [!provide]                        PROVIDE (gpio_pin_wakeup_disable = 0x40019404)
                [!provide]                        PROVIDE (gpio_pin_wakeup_enable = 0x400193c8)
                [!provide]                        PROVIDE (g_shared_buffers = 0x3ffeab04)
                0x000000003ffffd70                PROVIDE (g_ticks_per_us = 0x3ffffd70)
                [!provide]                        PROVIDE (hmac_md5 = 0x40005490)
                [!provide]                        PROVIDE (hmac_md5_vector = 0x400053a0)
                [!provide]                        PROVIDE (ibus_baseaddrs = 0x3ffaf03c)
                [!provide]                        PROVIDE (intr_matrix_set = 0x4000f1d0)
                [!provide]                        PROVIDE (_iram0_text_end = 0x40000540)
                [!provide]                        PROVIDE (_iram0_text_start = 0x40000540)
                [!provide]                        PROVIDE (_iram1_text_end = 0x60021100)
                [!provide]                        PROVIDE (_iram1_text_start = 0x60021100)
                [!provide]                        PROVIDE (_KernelExceptionVector = 0x40000300)
                [!provide]                        PROVIDE (_KernelExceptionVector_text_end = 0x40000306)
                [!provide]                        PROVIDE (_KernelExceptionVector_text_start = 0x40000300)
                [!provide]                        PROVIDE (_Level2FromVector = 0x400074f8)
                [!provide]                        PROVIDE (_Level2HandlerLabel = 0x0)
                [!provide]                        PROVIDE (_Level2InterruptVector_text_end = 0x40000186)
                [!provide]                        PROVIDE (_Level2InterruptVector_text_start = 0x40000180)
                [!provide]                        PROVIDE (_Level2Vector = 0x40000180)
                [!provide]                        PROVIDE (_Level3FromVector = 0x40007594)
                [!provide]                        PROVIDE (_Level3HandlerLabel = 0x0)
                [!provide]                        PROVIDE (_Level3InterruptVector_text_end = 0x400001c6)
                [!provide]                        PROVIDE (_Level3InterruptVector_text_start = 0x400001c0)
                [!provide]                        PROVIDE (_Level3Vector = 0x400001c0)
                [!provide]                        PROVIDE (_Level4FromVector = 0x4000762c)
                [!provide]                        PROVIDE (_Level4HandlerLabel = 0x0)
                [!provide]                        PROVIDE (_Level4InterruptVector_text_end = 0x40000206)
                [!provide]                        PROVIDE (_Level4InterruptVector_text_start = 0x40000200)
                [!provide]                        PROVIDE (_Level4Vector = 0x40000200)
                [!provide]                        PROVIDE (_Level5FromVector = 0x4000775c)
                [!provide]                        PROVIDE (_Level5HandlerLabel = 0x0)
                [!provide]                        PROVIDE (_Level5InterruptVector_text_end = 0x40000246)
                [!provide]                        PROVIDE (_Level5InterruptVector_text_start = 0x40000240)
                [!provide]                        PROVIDE (_Level5Vector = 0x40000240)
                [!provide]                        PROVIDE (_LevelOneInterrupt = 0x4000740a)
                [!provide]                        PROVIDE (_lit4_end = 0x40000540)
                [!provide]                        PROVIDE (_lit4_start = 0x40000540)
                [!provide]                        PROVIDE (lldesc_build_chain = 0x4000907c)
                [!provide]                        PROVIDE (lldesc_num2link = 0x4000916c)
                [!provide]                        PROVIDE (lldesc_set_owner = 0x40009198)
                [!provide]                        PROVIDE (lldesc_setup = 0x40019ed8)
                0x000000004000f6c4                PROVIDE (main = 0x4000f6c4)
                [!provide]                        PROVIDE (MD5Final = 0x4000530c)
                [!provide]                        PROVIDE (MD5Init = 0x4000526c)
                [!provide]                        PROVIDE (MD5Update = 0x4000528c)
                [!provide]                        PROVIDE (md5_vector = 0x40005374)
                [!provide]                        PROVIDE (MemDwnLdStartMsgProc = 0x40011cec)
                [!provide]                        PROVIDE (MemDwnLdStopReqMsgProc = 0x40011d80)
                [!provide]                        PROVIDE (_memmap_cacheattr_bp_allvalid = 0x22222222)
                [!provide]                        PROVIDE (_memmap_cacheattr_bp_base = 0x220)
                [!provide]                        PROVIDE (_memmap_cacheattr_bp_strict = 0xfffff22f)
                [!provide]                        PROVIDE (_memmap_cacheattr_bp_trapnull = 0x2222222f)
                [!provide]                        PROVIDE (_memmap_cacheattr_reset = 0x2222211f)
                [!provide]                        PROVIDE (_memmap_cacheattr_unused_mask = 0xfffff00f)
                [!provide]                        PROVIDE (_memmap_cacheattr_wb_allvalid = 0x22222112)
                [!provide]                        PROVIDE (_memmap_cacheattr_wba_trapnull = 0x2222211f)
                [!provide]                        PROVIDE (_memmap_cacheattr_wb_base = 0x110)
                [!provide]                        PROVIDE (_memmap_cacheattr_wbna_trapnull = 0x2222211f)
                [!provide]                        PROVIDE (_memmap_cacheattr_wb_strict = 0xfffff11f)
                [!provide]                        PROVIDE (_memmap_cacheattr_wb_trapnull = 0x2222211f)
                [!provide]                        PROVIDE (_memmap_cacheattr_wt_allvalid = 0x22222112)
                [!provide]                        PROVIDE (_memmap_cacheattr_wt_base = 0x110)
                [!provide]                        PROVIDE (_memmap_cacheattr_wt_strict = 0xfffff11f)
                [!provide]                        PROVIDE (_memmap_cacheattr_wt_trapnull = 0x2222211f)
                [!provide]                        PROVIDE (_memmap_vecbase_reset = 0x40000000)
                [!provide]                        PROVIDE (MemPacketSendReqMsgProc = 0x40011d1c)
                [!provide]                        PROVIDE (multofup = 0x4001bce0)
                [!provide]                        PROVIDE (must_reset = 0x3ffffcf4)
                [!provide]                        PROVIDE (mz_adler32 = 0x40002e90)
                [!provide]                        PROVIDE (mz_crc32 = 0x40002f58)
                [!provide]                        PROVIDE (mz_free = 0x40002fa4)
                [!provide]                        PROVIDE (_NMIExceptionVector = 0x400002c0)
                [!provide]                        PROVIDE (_NMIExceptionVector_text_end = 0x400002c3)
                [!provide]                        PROVIDE (_NMIExceptionVector_text_start = 0x400002c0)
                [!provide]                        PROVIDE (__packed = 0x3ffffcec)
                [!provide]                        PROVIDE (phy_get_romfuncs = 0x4000a88c)
                [!provide]                        PROVIDE (_Pri_4_HandlerAddress = 0x3fffed78)
                [!provide]                        PROVIDE (_Pri_5_HandlerAddress = 0x3fffed7c)
                [!provide]                        PROVIDE (pthread_setcancelstate = 0x40019fa8)
                [!provide]                        PROVIDE (_putc1 = 0x3ffffd6c)
                [!provide]                        PROVIDE (_putc2 = 0x3ffffd68)
                [!provide]                        PROVIDE (RcvMsg = 0x40012f10)
                [!provide]                        PROVIDE (recv_packet = 0x40012de8)
                [!provide]                        PROVIDE (_ResetHandler = 0x4000044c)
                [!provide]                        PROVIDE (_ResetVector = 0x40000400)
                [!provide]                        PROVIDE (_ResetVector_literal_end = 0x40000540)
                [!provide]                        PROVIDE (_ResetVector_literal_start = 0x40000540)
                [!provide]                        PROVIDE (_ResetVector_text_end = 0x4000053d)
                [!provide]                        PROVIDE (_ResetVector_text_start = 0x40000400)
                [!provide]                        PROVIDE (_rodata_end = 0x3ffaff2c)
                [!provide]                        PROVIDE (_rodata_start = 0x3ffac600)
                [!provide]                        PROVIDE (rom_abs_temp = 0x4000c330)
                [!provide]                        PROVIDE (rom_ant_btrx_cfg = 0x4000a0fc)
                [!provide]                        PROVIDE (rom_ant_bttx_cfg = 0x4000a0c0)
                [!provide]                        PROVIDE (rom_ant_dft_cfg = 0x40009fc8)
                [!provide]                        PROVIDE (rom_ant_wifirx_cfg = 0x4000a03c)
                [!provide]                        PROVIDE (rom_ant_wifitx_cfg = 0x40009ff8)
                [!provide]                        PROVIDE (rom_bb_bss_cbw40_dig = 0x40009a84)
                [!provide]                        PROVIDE (rom_bb_wdg_cfg = 0x40009eb8)
                [!provide]                        PROVIDE (rom_bb_wdg_test_en = 0x40009a48)
                [!provide]                        PROVIDE (rom_bb_wdt_get_status = 0x40009d18)
                [!provide]                        PROVIDE (rom_bb_wdt_int_enable = 0x40009cd4)
                [!provide]                        PROVIDE (rom_bb_wdt_rst_enable = 0x40009cb4)
                [!provide]                        PROVIDE (rom_bb_wdt_timeout_clear = 0x40009cfc)
                [!provide]                        PROVIDE (rom_cbw2040_cfg = 0x4000a550)
                [!provide]                        PROVIDE (rom_check_noise_floor = 0x40009b4c)
                [!provide]                        PROVIDE (rom_chip_i2c_readReg = 0x4000a8e4)
                [!provide]                        PROVIDE (rom_chip_i2c_writeReg = 0x4000a960)
                [!provide]                        PROVIDE (rom_correct_rf_ana_gain = 0x4000d2b4)
                [!provide]                        PROVIDE (rom_dc_iq_est = 0x4000c414)
                [!provide]                        PROVIDE (rom_disable_agc = 0x400091cc)
                [!provide]                        PROVIDE (rom_enable_agc = 0x400091e4)
                [!provide]                        PROVIDE (rom_freq_get_i2c_data = 0x4000bb84)
                [!provide]                        PROVIDE (rom_freq_i2c_set_wifi_data = 0x4000b948)
                [!provide]                        PROVIDE (rom_freq_i2c_write_set = 0x4000b3bc)
                [!provide]                        PROVIDE (rom_gen_rx_gain_table = 0x4000a300)
                [!provide]                        PROVIDE (rom_get_bbgain_db = 0x400094ec)
                [!provide]                        PROVIDE (rom_get_data_sat = 0x40009338)
                [!provide]                        PROVIDE (rom_get_fm_sar_dout = 0x4000c024)
                [!provide]                        PROVIDE (rom_get_i2c_read_mask = 0x4000a8c0)
                [!provide]                        PROVIDE (rom_get_power_db = 0x4000ce28)
                [!provide]                        PROVIDE (rom_get_pwctrl_correct = 0x4000d470)
                [!provide]                        PROVIDE (rom_get_rfcal_rxiq_data = 0x4000cab0)
                [!provide]                        PROVIDE (rom_get_rf_gain_qdb = 0x4000d29c)
                [!provide]                        PROVIDE (rom_get_sar_dout = 0x4000d400)
                [!provide]                        PROVIDE (rom_i2c_clk_sel = 0x4000a788)
                [!provide]                        PROVIDE (rom_i2c_readReg = 0x4000a940)
                [!provide]                        PROVIDE (rom_i2c_readReg_Mask = 0x4000a9c4)
                [!provide]                        PROVIDE (rom_i2c_writeReg = 0x4000a9a8)
                [!provide]                        PROVIDE (rom_i2c_writeReg_Mask = 0x4000aa00)
                [!provide]                        PROVIDE (rom_index_to_txbbgain = 0x4000bd10)
                [!provide]                        PROVIDE (rom_iq_est_disable = 0x4000c3d8)
                [!provide]                        PROVIDE (rom_iq_est_enable = 0x4000c358)
                [!provide]                        PROVIDE (rom_linear_to_db = 0x4000cdbc)
                [!provide]                        PROVIDE (rom_loopback_mode_en = 0x40009304)
                [!provide]                        PROVIDE (rom_mac_enable_bb = 0x40009e48)
                [!provide]                        PROVIDE (rom_meas_tone_pwr_db = 0x4000ce64)
                [!provide]                        PROVIDE (rom_mhz2ieee = 0x4000a4e8)
                [!provide]                        PROVIDE (rom_noise_floor_auto_set = 0x40009ab4)
                [!provide]                        PROVIDE (rom_pbus_debugmode = 0x4000ac70)
                [!provide]                        PROVIDE (rom_pbus_force_mode = 0x4000aa6c)
                [!provide]                        PROVIDE (rom_pbus_force_test = 0x4000abd0)
                [!provide]                        PROVIDE (rom_pbus_rd = 0x4000ac2c)
                [!provide]                        PROVIDE (rom_pbus_rd_addr = 0x4000ab34)
                [!provide]                        PROVIDE (rom_pbus_rd_shift = 0x4000ab80)
                [!provide]                        PROVIDE (rom_pbus_rx_dco_cal = 0x4000c49c)
                [!provide]                        PROVIDE (rom_pbus_set_dco = 0x4000ae2c)
                [!provide]                        PROVIDE (rom_pbus_set_rxgain = 0x4000ac98)
                [!provide]                        PROVIDE (rom_pbus_workmode = 0x4000ac84)
                [!provide]                        PROVIDE (rom_pbus_xpd_rx_off = 0x4000acfc)
                [!provide]                        PROVIDE (rom_pbus_xpd_rx_on = 0x4000ad30)
                [!provide]                        PROVIDE (rom_pbus_xpd_tx_off = 0x4000ad84)
                [!provide]                        PROVIDE (rom_pbus_xpd_tx_on = 0x4000add4)
                [!provide]                        PROVIDE (rom_phy_ant_init = 0x40009f48)
                [!provide]                        PROVIDE (rom_phy_byte_to_word = 0x40009d60)
                [!provide]                        PROVIDE (rom_phy_chan_dump_cfg = 0x4000a180)
                [!provide]                        PROVIDE (rom_phy_chan_filt_set = 0x4000a614)
                [!provide]                        PROVIDE (rom_phy_close_pa = 0x4000a810)
                [!provide]                        PROVIDE (rom_phy_disable_cca = 0x40009208)
                [!provide]                        PROVIDE (rom_phy_disable_low_rate = 0x4000a2b8)
                [!provide]                        PROVIDE (rom_phy_enable_cca = 0x40009234)
                [!provide]                        PROVIDE (rom_phy_enable_low_rate = 0x4000a280)
                [!provide]                        PROVIDE (rom_phy_freq_correct = 0x4000b0b4)
                [!provide]                        PROVIDE (rom_phy_get_noisefloor = 0x40009b04)
                [!provide]                        PROVIDE (rom_phy_get_rx_freq = 0x4000a6ac)
                [!provide]                        PROVIDE (rom_phy_get_tx_rate = 0x40009d50)
                [!provide]                        PROVIDE (rom_phy_rx11blr_cfg = 0x40009c5c)
                [!provide]                        PROVIDE (rom_phy_rx_sense_set = 0x4000a704)
                [!provide]                        PROVIDE (rom_phy_set_bbfreq_init = 0x4000d3d0)
                [!provide]                        PROVIDE (rom_pll_correct_dcap = 0x4000bad4)
                [!provide]                        PROVIDE (rom_pow_usr = 0x4000924c)
                [!provide]                        PROVIDE (rom_read_hw_noisefloor = 0x40009c38)
                [!provide]                        PROVIDE (rom_read_sar_dout = 0x4000bfd4)
                [!provide]                        PROVIDE (rom_restart_cal = 0x4000ae74)
                [!provide]                        PROVIDE (rom_rfcal_pwrctrl = 0x4000d098)
                [!provide]                        PROVIDE (rom_rfcal_rxiq = 0x4000ca3c)
                [!provide]                        PROVIDE (rom_rfcal_txcap = 0x4000ccac)
                [!provide]                        PROVIDE (rom_rfpll_set_freq = 0x4000afa4)
                [!provide]                        PROVIDE (rom_rftx_init = 0x4000b24c)
                [!provide]                        PROVIDE (rom_rx_gain_force = 0x40009558)
                [!provide]                        PROVIDE (rom_rxiq_cover_mg_mp = 0x4000c954)
                [!provide]                        PROVIDE (rom_rxiq_get_mis = 0x4000c7d8)
                [!provide]                        PROVIDE (rom_rxiq_set_reg = 0x4000c8ec)
                [!provide]                        PROVIDE (rom_set_cal_rxdc = 0x400092c4)
                [!provide]                        PROVIDE (rom_set_cca = 0x4000a59c)
                [!provide]                        PROVIDE (rom_set_chan_cal_interp = 0x4000cba4)
                [!provide]                        PROVIDE (rom_set_channel_freq = 0x4000b00c)
                [!provide]                        PROVIDE (rom_set_loopback_gain = 0x40009268)
                [!provide]                        PROVIDE (rom_set_noise_floor = 0x40009bf4)
                [!provide]                        PROVIDE (rom_set_pbus_mem = 0x40009380)
                [!provide]                        PROVIDE (rom_set_rf_freq_offset = 0x4000b214)
                [!provide]                        PROVIDE (rom_set_rxclk_en = 0x400095cc)
                [!provide]                        PROVIDE (rom_set_txcap_reg = 0x4000cc34)
                [!provide]                        PROVIDE (rom_set_txclk_en = 0x4000959c)
                [!provide]                        PROVIDE (rom_set_tx_dig_gain = 0x40009514)
                [!provide]                        PROVIDE (rom_set_xpd_sar = 0x40009f08)
                [!provide]                        PROVIDE (rom_spur_cal = 0x4000a47c)
                [!provide]                        PROVIDE (rom_spur_reg_write_one_tone = 0x400097c4)
                [!provide]                        PROVIDE (rom_start_tx_tone = 0x400096f0)
                [!provide]                        PROVIDE (rom_start_tx_tone_step = 0x40009608)
                [!provide]                        PROVIDE (rom_stop_tx_tone = 0x4000a428)
                [!provide]                        PROVIDE (_rom_store = 0x4001bed0)
                [!provide]                        PROVIDE (_rom_store_table = 0x4001bd64)
                [!provide]                        PROVIDE (rom_target_power_add_backoff = 0x4000d278)
                [!provide]                        PROVIDE (rom_txbbgain_to_index = 0x4000bce0)
                [!provide]                        PROVIDE (rom_txcal_work_mode = 0x4000bf30)
                [!provide]                        PROVIDE (rom_txdc_cal_init = 0x4000bd2c)
                [!provide]                        PROVIDE (rom_txdc_cal_v70 = 0x4000bdc0)
                [!provide]                        PROVIDE (rom_txiq_cover = 0x4000c1ac)
                [!provide]                        PROVIDE (rom_txiq_get_mis_pwr = 0x4000c0f8)
                [!provide]                        PROVIDE (rom_txiq_set_reg = 0x4000bf64)
                [!provide]                        PROVIDE (rom_tx_paon_set = 0x40009db8)
                [!provide]                        PROVIDE (rom_tx_pwr_backoff = 0x4000ceb8)
                [!provide]                        PROVIDE (rom_txtone_linear_pwr = 0x4000c0b0)
                [!provide]                        PROVIDE (rom_usb_dev = 0x3ffffb9c)
                [!provide]                        PROVIDE (rom_usb_dev_end = 0x3ffffc78)
                [!provide]                        PROVIDE (rom_usb_dw_ctrl = 0x3ffffa74)
                [!provide]                        PROVIDE (rom_usb_dw_ctrl_end = 0x3ffffb9c)
                [!provide]                        PROVIDE (rom_usb_curr_desc = 0x3ffffa54)
                [!provide]                        PROVIDE (rom_wait_rfpll_cal_end = 0x4000af3c)
                [!provide]                        PROVIDE (rom_wifi_11g_rate_chg = 0x4000d260)
                [!provide]                        PROVIDE (rom_wifi_rifs_mode_en = 0x40009d2c)
                [!provide]                        PROVIDE (rom_write_dac_gain2 = 0x4000a210)
                [!provide]                        PROVIDE (rom_write_gain_mem = 0x400094bc)
                [!provide]                        PROVIDE (rom_write_pll_cap_mem = 0x4000ba58)
                [!provide]                        PROVIDE (rom_write_rfpll_sdm = 0x4000aed4)
                [!provide]                        PROVIDE (rom_wr_rf_freq_mem = 0x4000b2f0)
                [!provide]                        PROVIDE (roundup2 = 0x4001bcd0)
                [!provide]                        PROVIDE (rtc_boot_control = 0x4001002c)
                0x000000004000ff58                PROVIDE (rtc_get_reset_reason = 0x4000ff58)
                [!provide]                        PROVIDE (rtc_get_wakeup_cause = 0x4000ff7c)
                [!provide]                        PROVIDE (rtc_select_apb_bridge = 0x400100a0)
                [!provide]                        PROVIDE (s_cdcacm_old_rts = 0x3ffffd34)
                [!provide]                        PROVIDE (SelectSpiFunction = 0x40015d08)
                0x0000000040015b88                PROVIDE (SelectSpiQIO = 0x40015b88)
                [!provide]                        PROVIDE (SendMsg = 0x40012d0c)
                [!provide]                        PROVIDE (send_packet = 0x40012cc8)
                [!provide]                        PROVIDE (set_rtc_memory_crc = 0x40010010)
                [!provide]                        PROVIDE (SetSpiDrvs = 0x40015c18)
                [!provide]                        PROVIDE (sig_matrix = 0x3ffffd57)
                [!provide]                        PROVIDE (software_reset = 0x40010068)
                [!provide]                        PROVIDE (software_reset_cpu = 0x40010080)
                [!provide]                        PROVIDE (SPI_block_erase = 0x4001623c)
                [!provide]                        PROVIDE (spi_cache_mode_switch = 0x40016a00)
                [!provide]                        PROVIDE (SPI_chip_erase = 0x400161b8)
                0x00000000400170a0                PROVIDE (SPIClkConfig = 0x400170a0)
                [!provide]                        PROVIDE (SPI_Common_Command = 0x400162e8)
                [!provide]                        PROVIDE (spi_common_set_flash_cs_timing = 0x40016c0c)
                [!provide]                        PROVIDE (spi_dummy_len_fix = 0x40015b50)
                0x00000000400177e0                PROVIDE (SPI_Encrypt_Write = 0x400177e0)
                [!provide]                        PROVIDE (SPI_Encrypt_Write_Dest = 0x400176cc)
                [!provide]                        PROVIDE (SPIEraseArea = 0x40017470)
                0x000000004001710c                PROVIDE (SPIEraseBlock = 0x4001710c)
                [!provide]                        PROVIDE (SPIEraseChip = 0x400170ec)
                0x000000004001716c                PROVIDE (SPIEraseSector = 0x4001716c)
                [!provide]                        PROVIDE (spi_flash_attach = 0x40017004)
                [!provide]                        PROVIDE (spi_flash_boot_attach = 0x40016fc0)
                [!provide]                        PROVIDE (spi_flash_check_suspend_cb = 0x3ffffd58)
                0x000000003ffffd3c                PROVIDE (SPI_flashchip_data = 0x3ffffd3c)
                [!provide]                        PROVIDE (spi_flash_set_check_suspend_cb = 0x40015b3c)
                [!provide]                        PROVIDE (SPI_init = 0x40016ce8)
                [!provide]                        PROVIDE (SPILock = 0x40016ed4)
                [!provide]                        PROVIDE (SPIMasterReadModeCnfig = 0x40017014)
                [!provide]                        PROVIDE (SPI_page_program = 0x400165a8)
                0x0000000040017500                PROVIDE (SPIParamCfg = 0x40017500)
                0x000000004001728c                PROVIDE (SPIRead = 0x4001728c)
                [!provide]                        PROVIDE (SPI_read_data = 0x40015ed8)
                0x0000000040016f1c                PROVIDE (SPIReadModeCnfig = 0x40016f1c)
                [!provide]                        PROVIDE (SPI_read_status = 0x40016084)
                [!provide]                        PROVIDE (SPI_read_status_high = 0x40016284)
                [!provide]                        PROVIDE (SPI_sector_erase = 0x400161ec)
                [!provide]                        PROVIDE (spi_slave_download = 0x4001998c)
                [!provide]                        PROVIDE (spi_slave_rom_check_conn = 0x40019724)
                [!provide]                        PROVIDE (spi_slave_rom_init = 0x40019774)
                [!provide]                        PROVIDE (spi_slave_rom_init_hw = 0x40019b5c)
                [!provide]                        PROVIDE (spi_slave_rom_intr_enable = 0x40019b3c)
                [!provide]                        PROVIDE (spi_slave_rom_rxdma_load = 0x40019da8)
                [!provide]                        PROVIDE (spi_slave_rom_txdma_load = 0x40019e3c)
                0x0000000040016e88                PROVIDE (SPIUnlock = 0x40016e88)
                [!provide]                        PROVIDE (SPI_user_command_read = 0x40015fc8)
                0x0000000040016680                PROVIDE (SPI_Wait_Idle = 0x40016680)
                [!provide]                        PROVIDE (SPI_WakeUp = 0x400160f4)
                0x00000000400171cc                PROVIDE (SPIWrite = 0x400171cc)
                [!provide]                        PROVIDE (SPI_write_enable = 0x4001655c)
                [!provide]                        PROVIDE (SPI_Write_Encrypt_Disable = 0x40017694)
                [!provide]                        PROVIDE (SPI_Write_Encrypt_Enable = 0x40017678)
                [!provide]                        PROVIDE (SPI_write_status = 0x400162a4)
                [!provide]                        PROVIDE (__stack = 0x3fffe710)
                [!provide]                        PROVIDE (_stack_sentry = 0x3fffc410)
                [!provide]                        PROVIDE (_start = 0x4000726c)
                [!provide]                        PROVIDE (_stext = 0x40007118)
                [!provide]                        PROVIDE (string0_descr = 0x3ffaeeae)
                [!provide]                        PROVIDE (str_manu_descr = 0x3ffaee9a)
                [!provide]                        PROVIDE (str_prod_descr = 0x3ffaee88)
                [!provide]                        PROVIDE (str_serial_descr = 0x3ffaee84)
                [!provide]                        PROVIDE (rom_usb_osglue = 0x3ffffcdc)
                [!provide]                        PROVIDE (_SyscallException = 0x4000732a)
                [!provide]                        PROVIDE (syscall_table_ptr_pro = 0x3ffffd78)
                [!provide]                        PROVIDE (tdefl_compress = 0x400041dc)
                [!provide]                        PROVIDE (tdefl_compress_buffer = 0x40004938)
                [!provide]                        PROVIDE (tdefl_compress_mem_to_mem = 0x40004a50)
                [!provide]                        PROVIDE (tdefl_compress_mem_to_output = 0x40004a30)
                [!provide]                        PROVIDE (tdefl_get_adler32 = 0x40004a28)
                [!provide]                        PROVIDE (tdefl_get_prev_return_status = 0x40004a20)
                [!provide]                        PROVIDE (tdefl_init = 0x40004954)
                [!provide]                        PROVIDE (tdefl_write_image_to_png_file_in_memory = 0x40004a64)
                [!provide]                        PROVIDE (tdefl_write_image_to_png_file_in_memory_ex = 0x40004a58)
                [!provide]                        PROVIDE (_text_end = 0x4001bed0)
                [!provide]                        PROVIDE (_text_start = 0x40007118)
                [!provide]                        PROVIDE (tinfl_decompress = 0x40003000)
                [!provide]                        PROVIDE (tinfl_decompress_mem_to_callback = 0x400041a8)
                [!provide]                        PROVIDE (tinfl_decompress_mem_to_mem = 0x40004168)
                [!provide]                        PROVIDE (uart_acm_dev = 0x3ffffcf8)
                [!provide]                        PROVIDE (uartAttach = 0x40012890)
                [!provide]                        PROVIDE (uart_baudrate_detect = 0x400128f0)
                [!provide]                        PROVIDE (uart_buff_switch = 0x40012d64)
                [!provide]                        PROVIDE (UartConnCheck = 0x40011ab4)
                [!provide]                        PROVIDE (UartConnectProc = 0x40011da8)
                [!provide]                        PROVIDE (UartDev = 0x3ffffcfc)
                0x0000000040012984                PROVIDE (uart_div_modify = 0x40012984)
                [!provide]                        PROVIDE (uart_div_reinit = 0x400129d0)
                [!provide]                        PROVIDE (UartDwnLdProc = 0x400121ac)
                [!provide]                        PROVIDE (UartGetCmdLn = 0x40012f28)
                [!provide]                        PROVIDE (Uart_Init = 0x40012a04)
                [!provide]                        PROVIDE (Uart_Init_USB = 0x40012818)
                [!provide]                        PROVIDE (UartRegReadProc = 0x40011df8)
                [!provide]                        PROVIDE (UartRegWriteProc = 0x40011db8)
                [!provide]                        PROVIDE (uart_rx_intr_handler = 0x40012690)
                [!provide]                        PROVIDE (uart_rx_one_char = 0x40012bf0)
                [!provide]                        PROVIDE (uart_rx_one_char_block = 0x40012b9c)
                [!provide]                        PROVIDE (uart_rx_readbuff = 0x40012d1c)
                [!provide]                        PROVIDE (UartRxString = 0x40012c84)
                [!provide]                        PROVIDE (UartSecureDwnLdProc = 0x40012464)
                [!provide]                        PROVIDE (UartSetBaudProc = 0x40011e54)
                [!provide]                        PROVIDE (UartSpiAttachProc = 0x40011e0c)
                [!provide]                        PROVIDE (UartSpiReadProc = 0x40011e28)
                0x0000000040012b40                PROVIDE (uart_tx_flush = 0x40012b40)
                [!provide]                        PROVIDE (uart_tx_one_char = 0x40012b10)
                [!provide]                        PROVIDE (uart_tx_one_char2 = 0x40012b28)
                [!provide]                        PROVIDE (uart_tx_switch = 0x400128e4)
                0x0000000040012b6c                PROVIDE (uart_tx_wait_idle = 0x40012b6c)
                [!provide]                        PROVIDE (uart_usb_enable_reset_on_rts = 0x40012858)
                [!provide]                        PROVIDE (Uart_USB_Send_Testament = 0x400127d8)
                [!provide]                        PROVIDE (usb_cancel_transfer = 0x40015200)
                [!provide]                        PROVIDE (usb_data_stuff = 0x3ffacc88)
                [!provide]                        PROVIDE (usb_dc_attach = 0x40013ecc)
                [!provide]                        PROVIDE (usb_dc_check_poll_for_interrupts = 0x40014980)
                [!provide]                        PROVIDE (usb_dc_detach = 0x40014010)
                [!provide]                        PROVIDE (usb_dc_ep_check_cap = 0x40014094)
                [!provide]                        PROVIDE (usb_dc_ep_clear_stall = 0x400142f0)
                [!provide]                        PROVIDE (usb_dc_ep_configure = 0x400140d8)
                [!provide]                        PROVIDE (usb_dc_ep_disable = 0x400144ec)
                [!provide]                        PROVIDE (usb_dc_ep_enable = 0x4001442c)
                [!provide]                        PROVIDE (usb_dc_ep_flush = 0x400145b8)
                [!provide]                        PROVIDE (usb_dc_ep_halt = 0x4001435c)
                [!provide]                        PROVIDE (usb_dc_ep_is_stalled = 0x400143bc)
                [!provide]                        PROVIDE (usb_dc_ep_mps = 0x40014958)
                [!provide]                        PROVIDE (usb_dc_ep_read = 0x400148d8)
                [!provide]                        PROVIDE (usb_dc_ep_read_continue = 0x40014898)
                [!provide]                        PROVIDE (usb_dc_ep_read_wait = 0x400147bc)
                [!provide]                        PROVIDE (usb_dc_ep_set_callback = 0x40014910)
                [!provide]                        PROVIDE (usb_dc_ep_set_stall = 0x40014290)
                [!provide]                        PROVIDE (usb_dc_ep_write = 0x40014684)
                [!provide]                        PROVIDE (usb_dc_ep_write_would_block = 0x40014624)
                [!provide]                        PROVIDE (usb_dc_prepare_persist = 0x40013bec)
                [!provide]                        PROVIDE (usb_dc_reset = 0x40014044)
                [!provide]                        PROVIDE (usb_dc_set_address = 0x4001405c)
                [!provide]                        PROVIDE (usb_dc_set_status_callback = 0x4001494c)
                [!provide]                        PROVIDE (usb_deconfig = 0x40014fa8)
                [!provide]                        PROVIDE (usb_dev_get_configuration = 0x40014f4c)
                [!provide]                        PROVIDE (usb_dev_resume = 0x40014f38)
                [!provide]                        PROVIDE (usb_dfu_force_detach = 0x400155b0)
                [!provide]                        PROVIDE (usb_dfu_init = 0x40015598)
                [!provide]                        PROVIDE (usb_dfu_set_detach_cb = 0x400152dc)
                [!provide]                        PROVIDE (usb_disable = 0x40015058)
                [!provide]                        PROVIDE (usb_dw_isr_handler = 0x40013c48)
                [!provide]                        PROVIDE (usb_enable = 0x40014fc8)
                [!provide]                        PROVIDE (usb_ep_clear_stall = 0x400150c8)
                [!provide]                        PROVIDE (usb_ep_read_continue = 0x400150f0)
                [!provide]                        PROVIDE (usb_ep_read_wait = 0x400150d8)
                [!provide]                        PROVIDE (usb_ep_set_stall = 0x400150b8)
                [!provide]                        PROVIDE (usb_get_descriptor = 0x400149c0)
                [!provide]                        PROVIDE (usb_read = 0x400150a0)
                [!provide]                        PROVIDE (usb_set_config = 0x40014f64)
                [!provide]                        PROVIDE (usb_set_current_descriptor = 0x400149a8)
                [!provide]                        PROVIDE (usb_transfer = 0x40015150)
                [!provide]                        PROVIDE (usb_transfer_ep_callback = 0x40015100)
                [!provide]                        PROVIDE (usb_transfer_sync = 0x40015250)
                [!provide]                        PROVIDE (usb_write = 0x40015088)
                [!provide]                        PROVIDE (usb_write_would_block = 0x40015078)
                [!provide]                        PROVIDE (user_code_start = 0x3fffe714)
                [!provide]                        PROVIDE (_UserExceptionVector = 0x40000340)
                [!provide]                        PROVIDE (_UserExceptionVector_text_end = 0x40000357)
                [!provide]                        PROVIDE (_UserExceptionVector_text_start = 0x40000340)
                [!provide]                        PROVIDE (VerifyFlashMd5Proc = 0x40012004)
                [!provide]                        PROVIDE (Wait_SPI_Idle = 0x40016188)
                [!provide]                        PROVIDE (_WindowOverflow12 = 0x40000100)
                [!provide]                        PROVIDE (_WindowOverflow4 = 0x40000000)
                [!provide]                        PROVIDE (_WindowOverflow8 = 0x40000080)
                [!provide]                        PROVIDE (_WindowUnderflow12 = 0x40000140)
                [!provide]                        PROVIDE (_WindowUnderflow4 = 0x40000040)
                [!provide]                        PROVIDE (_WindowUnderflow8 = 0x400000c0)
                [!provide]                        PROVIDE (_WindowVectors_text_end = 0x40000170)
                [!provide]                        PROVIDE (_WindowVectors_text_start = 0x40000000)
                [!provide]                        PROVIDE (__XT_EXCEPTION_DESCS__ = 0x3ffaff2c)
                [!provide]                        PROVIDE (__XT_EXCEPTION_DESCS_END__ = 0x3ffaff2c)
                [!provide]                        PROVIDE (__XT_EXCEPTION_TABLE__ = 0x3ffafe3a)
                [!provide]                        PROVIDE (xthal_bcopy = 0x4001a918)
                [!provide]                        PROVIDE (xthal_copy123 = 0x4001a9ac)
                [!provide]                        PROVIDE (xthal_get_ccompare = 0x4001aabc)
                [!provide]                        PROVIDE (xthal_get_ccount = 0x4001aa90)
                [!provide]                        PROVIDE (xthal_get_interrupt = 0x4001aadc)
                [!provide]                        PROVIDE (Xthal_intlevel = 0x3ffaf06c)
                [!provide]                        PROVIDE (xthal_memcpy = 0x4001a93c)
                [!provide]                        PROVIDE (xthal_set_ccompare = 0x4001aa98)
                [!provide]                        PROVIDE (xthal_set_intclear = 0x4001aae4)
                [!provide]                        PROVIDE (xthals_hw_configid0 = 0xc2ecfafe)
                [!provide]                        PROVIDE (xthals_hw_configid1 = 0x224787b1)
                [!provide]                        PROVIDE (xthals_release_major = 0x2ee0)
                [!provide]                        PROVIDE (xthals_release_minor = 0x9)
                [!provide]                        PROVIDE (_xtos_alloca_handler = 0x40000010)
                [!provide]                        PROVIDE (xtos_cause3_handler = 0x40007370)
                [!provide]                        PROVIDE (xtos_c_handler_table = 0x3fffec78)
                [!provide]                        PROVIDE (xtos_c_wrapper_handler = 0x40007380)
                [!provide]                        PROVIDE (_xtos_enabled = 0x3fffed80)
                [!provide]                        PROVIDE (xtos_exc_handler_table = 0x3fffeb78)
                [!provide]                        PROVIDE (xtos_interrupt_mask_table = 0x3fffee88)
                [!provide]                        PROVIDE (xtos_interrupt_table = 0x3fffed88)
                [!provide]                        PROVIDE (_xtos_ints_off = 0x4001a3e0)
                [!provide]                        PROVIDE (_xtos_ints_on = 0x4001a3bc)
                [!provide]                        PROVIDE (_xtos_intstruct = 0x3fffed80)
                [!provide]                        PROVIDE (_xtos_l1int_handler = 0x400073ec)
                [!provide]                        PROVIDE (xtos_p_none = 0x4001a8a0)
                [!provide]                        PROVIDE (_xtos_restore_intlevel = 0x400074cc)
                [!provide]                        PROVIDE (_xtos_return_from_exc = 0x4001a8a8)
                [!provide]                        PROVIDE (_xtos_set_exception_handler = 0x400072b4)
                [!provide]                        PROVIDE (_xtos_set_interrupt_handler = 0x4001a380)
                [!provide]                        PROVIDE (_xtos_set_interrupt_handler_arg = 0x4001a344)
                [!provide]                        PROVIDE (_xtos_set_intlevel = 0x4001a8c0)
                [!provide]                        PROVIDE (_xtos_set_min_intlevel = 0x4001a8dc)
                [!provide]                        PROVIDE (_xtos_set_vpri = 0x400074d8)
                [!provide]                        PROVIDE (_xtos_syscall_handler = 0x400072fc)
                [!provide]                        PROVIDE (xtos_unhandled_exception = 0x4001a900)
                [!provide]                        PROVIDE (xtos_unhandled_interrupt = 0x4001a910)
                [!provide]                        PROVIDE (_xtos_vectors_ref_ = 0x0)
                [!provide]                        PROVIDE (_xtos_vpri_enabled = 0x3fffed84)
                0x0000000040000618                abs = 0x40000618
                0x0000000040007a04                __ascii_mbtowc = 0x40007a04
                0x00000000400018d0                __ascii_wctomb = 0x400018d0
                0x000000004001a430                __assert = 0x4001a430
                0x000000004001a408                __assert_func = 0x4001a408
                0x00000000400078c8                bzero = 0x400078c8
                0x000000004001a480                _cleanup_r = 0x4001a480
                0x000000004000788c                creat = 0x4000788c
                0x0000000040000620                div = 0x40000620
                0x000000004001a804                fclose = 0x4001a804
                0x000000004001a714                _fclose_r = 0x4001a714
                0x0000000040001bb8                fflush = 0x40001bb8
                0x0000000040001b30                _fflush_r = 0x40001b30
                0x000000004001a64c                __fp_unlock_all = 0x4001a64c
                0x0000000040001770                __fputwc = 0x40001770
                0x0000000040001864                fputwc = 0x40001864
                0x00000000400017f8                _fputwc_r = 0x400017f8
                0x000000004001bcec                _fwalk = 0x4001bcec
                0x000000004001bd24                _fwalk_reent = 0x4001bd24
                0x00000000400078d8                isalnum = 0x400078d8
                0x00000000400078e8                isalpha = 0x400078e8
                0x000000004001aaec                isascii = 0x4001aaec
                0x00000000400078a0                _isatty_r = 0x400078a0
                0x00000000400078f8                isblank = 0x400078f8
                0x0000000040007918                iscntrl = 0x40007918
                0x0000000040007930                isdigit = 0x40007930
                0x0000000040007968                isgraph = 0x40007968
                0x0000000040007948                islower = 0x40007948
                0x0000000040007980                isprint = 0x40007980
                0x0000000040007994                ispunct = 0x40007994
                0x00000000400079ac                isspace = 0x400079ac
                0x00000000400079c4                isupper = 0x400079c4
                0x0000000040000648                labs = 0x40000648
                0x0000000040000650                ldiv = 0x40000650
                0x0000000040001c2c                __locale_ctype_ptr = 0x40001c2c
                0x0000000040001c24                __locale_ctype_ptr_l = 0x40001c24
                0x0000000040001c0c                __locale_mb_cur_max = 0x40001c0c
                0x00000000400005a4                longjmp = 0x400005a4
                0x00000000400079e0                _mbtowc_r = 0x400079e0
                0x000000004001ab00                memccpy = 0x4001ab00
                0x000000004001ab24                memchr = 0x4001ab24
                0x000000004001ab40                memcmp = 0x4001ab40
                0x000000004001aba8                memcpy = 0x4001aba8
                0x000000004001acb0                memmove = 0x4001acb0
                0x000000004001acec                memrchr = 0x4001acec
                0x000000004001ad3c                memset = 0x4001ad3c
                0x00000000400080c4                open = 0x400080c4
                0x00000000400006f4                qsort = 0x400006f4
                0x0000000040007af4                rand_r = 0x40007af4
                0x000000004001a700                __sclose = 0x4001a700
                0x000000004001a690                __seofread = 0x4001a690
                0x0000000040000540                setjmp = 0x40000540
                0x0000000040001c44                setlocale = 0x40001c44
                0x0000000040001bdc                _setlocale_r = 0x40001bdc
                0x00000000400019dc                __sflush_r = 0x400019dc
                0x000000004001a4c8                __sfmoreglue = 0x4001a4c8
                0x000000004001a590                __sfp = 0x4001a590
                0x000000004001a508                __sfp_lock_acquire = 0x4001a508
                0x000000004001a514                __sfp_lock_release = 0x4001a514
                0x0000000040001310                __sfvwrite_r = 0x40001310
                0x000000004001a538                __sinit = 0x4001a538
                0x000000004001a520                __sinit_lock_acquire = 0x4001a520
                0x000000004001a52c                __sinit_lock_release = 0x4001a52c
                0x0000000040001954                __smakebuf_r = 0x40001954
                0x0000000040007a24                srand = 0x40007a24
                0x000000004001a660                __sread = 0x4001a660
                0x000000004001a6cc                __sseek = 0x4001a6cc
                0x0000000040007b38                strcasecmp = 0x40007b38
                0x0000000040007b7c                strcasestr = 0x40007b7c
                0x000000004001ad90                strcat = 0x4001ad90
                0x000000004001adb0                strchr = 0x4001adb0
                0x0000000040007be4                strcmp = 0x40007be4
                0x0000000040007ce8                strcoll = 0x40007ce8
                0x0000000040007cfc                strcpy = 0x40007cfc
                0x000000004001adcc                strcspn = 0x4001adcc
                0x0000000040007d84                strdup = 0x40007d84
                0x0000000040007d98                _strdup_r = 0x40007d98
                0x0000000040007db8                strlcat = 0x40007db8
                0x000000004001adf8                strlcpy = 0x4001adf8
                0x0000000040007e08                strlen = 0x40007e08
                0x0000000040007e68                strlwr = 0x40007e68
                0x0000000040007e94                strncasecmp = 0x40007e94
                0x000000004001ae34                strncat = 0x4001ae34
                0x000000004001ae64                strncmp = 0x4001ae64
                0x0000000040007f20                strncpy = 0x40007f20
                0x0000000040007fe8                strndup = 0x40007fe8
                0x0000000040007ffc                _strndup_r = 0x40007ffc
                0x000000004001ae9c                strnlen = 0x4001ae9c
                0x0000000040008040                strrchr = 0x40008040
                0x000000004000806c                strsep = 0x4000806c
                0x000000004001aebc                strspn = 0x4001aebc
                0x000000004001aee8                strstr = 0x4001aee8
                0x000000004001af18                __strtok_r = 0x4001af18
                0x000000004001af7c                strtok_r = 0x4001af7c
                0x0000000040008084                strupr = 0x40008084
                0x000000004000167c                __swbuf = 0x4000167c
                0x00000000400015bc                __swbuf_r = 0x400015bc
                0x00000000400018f8                __swhatbuf_r = 0x400018f8
                0x000000004001a698                __swrite = 0x4001a698
                0x0000000040001690                __swsetup_r = 0x40001690
                0x000000004001af90                toascii = 0x4001af90
                0x0000000040008158                tolower = 0x40008158
                0x0000000040008174                toupper = 0x40008174
                0x00000000400012f4                wcrtomb = 0x400012f4
                0x00000000400012a0                _wcrtomb_r = 0x400012a0
                0x00000000400018ac                _wctomb_r = 0x400018ac
                0x0000000040005ad8                __absvdi2 = 0x40005ad8
                0x0000000040005ac4                __absvsi2 = 0x40005ac4
                0x0000000040008660                __adddf3 = 0x40008660
                0x00000000400081b8                __addsf3 = 0x400081b8
                0x0000000040008d90                __addvdi3 = 0x40008d90
                0x0000000040008d6c                __addvsi3 = 0x40008d6c
                0x000000004001b000                __ashldi3 = 0x4001b000
                0x000000004001b018                __ashrdi3 = 0x4001b018
                0x0000000040006d34                __bswapdi2 = 0x40006d34
                0x0000000040006d0c                __bswapsi2 = 0x40006d0c
                0x0000000040005abc                __clear_cache = 0x40005abc
                0x0000000040006da8                __clrsbdi2 = 0x40006da8
                0x0000000040006d90                __clrsbsi2 = 0x40006d90
                0x000000004001b238                __clzdi2 = 0x4001b238
                0x000000004001afd0                __clzsi2 = 0x4001afd0
                0x0000000040005a7c                __cmpdi2 = 0x40005a7c
                0x000000004001b24c                __ctzdi2 = 0x4001b24c
                0x000000004001afd8                __ctzsi2 = 0x4001afd8
                0x0000000040006854                __divdc3 = 0x40006854
                0x0000000040008a24                __divdf3 = 0x40008a24
                0x000000004001b26c                __divdi3 = 0x4001b26c
                0x0000000040006544                __divsc3 = 0x40006544
                0x000000004000841c                __divsf3 = 0x4000841c
                0x000000004001afa0                __divsi3 = 0x4001afa0
                0x0000000040005904                __eqdf2 = 0x40005904
                0x00000000400055d0                __eqsf2 = 0x400055d0
                0x0000000040008d08                __extendsfdf2 = 0x40008d08
                0x000000004001b214                __ffsdi2 = 0x4001b214
                0x000000004001afec                __ffssi2 = 0x4001afec
                0x0000000040008b98                __fixdfdi = 0x40008b98
                0x0000000040008b4c                __fixdfsi = 0x40008b4c
                0x000000004000851c                __fixsfdi = 0x4000851c
                0x00000000400084dc                __fixsfsi = 0x400084dc
                0x0000000040008c04                __fixunsdfsi = 0x40008c04
                0x00000000400085d4                __fixunssfdi = 0x400085d4
                0x000000004000857c                __fixunssfsi = 0x4000857c
                0x000000004001b170                __floatdidf = 0x4001b170
                0x000000004001b0a8                __floatdisf = 0x4001b0a8
                0x000000004001b12c                __floatsidf = 0x4001b12c
                0x000000004001b058                __floatsisf = 0x4001b058
                0x000000004001b160                __floatundidf = 0x4001b160
                0x000000004001b098                __floatundisf = 0x4001b098
                0x000000004001b120                __floatunsidf = 0x4001b120
                0x000000004001b04c                __floatunsisf = 0x4001b04c
                0x0000000040006de0                __gcc_bcmp = 0x40006de0
                0x00000000400059c4                __gedf2 = 0x400059c4
                0x0000000040005668                __gesf2 = 0x40005668
                0x0000000040005938                __gtdf2 = 0x40005938
                0x00000000400055fc                __gtsf2 = 0x400055fc
                0x0000000040005960                __ledf2 = 0x40005960
                0x000000004000561c                __lesf2 = 0x4000561c
                0x000000004001b034                __lshrdi3 = 0x4001b034
                0x00000000400059ec                __ltdf2 = 0x400059ec
                0x0000000040005688                __ltsf2 = 0x40005688
                0x000000004001b534                __moddi3 = 0x4001b534
                0x000000004001afa8                __modsi3 = 0x4001afa8
                0x0000000040005f0c                __muldc3 = 0x40005f0c
                0x00000000400057e8                __muldf3 = 0x400057e8
                0x000000004001b1e4                __muldi3 = 0x4001b1e4
                0x0000000040005ba4                __mulsc3 = 0x40005ba4
                0x0000000040005524                __mulsf3 = 0x40005524
                0x000000004001af98                __mulsi3 = 0x4001af98
                0x0000000040008e50                __mulvdi3 = 0x40008e50
                0x0000000040008e38                __mulvsi3 = 0x40008e38
                0x0000000040005904                __nedf2 = 0x40005904
                0x00000000400056fc                __negdf2 = 0x400056fc
                0x000000004001b1fc                __negdi2 = 0x4001b1fc
                0x0000000040008190                __negsf2 = 0x40008190
                0x0000000040008f6c                __negvdi2 = 0x40008f6c
                0x0000000040008f4c                __negvsi2 = 0x40008f4c
                0x00000000400055d0                __nesf2 = 0x400055d0
                0x000000003ffac870                __nsau_data = 0x3ffac870
                0x0000000040009038                __paritysi2 = 0x40009038
                0x0000000040008fe0                __popcountdi2 = 0x40008fe0